2026-07-20 07:37:46.351: [INFO] OnDoneLoading sync enabled: 0
2026-07-20 09:21:31.371: [INFO] OnDoneLoading sync enabled: 0
2026-07-20 09:26:51.599: [INFO] OnDoneLoading sync enabled: 0
2026-07-20 09:30:02.845: [INFO] OnDoneLoading sync enabled: 0
2026-07-20 09:30:41.357: [INFO] OnDoneLoading sync enabled: 0
2026-07-21 06:24:24.314: [INFO] OnDoneLoading sync enabled: 0
2026-07-21 13:53:18.523: [INFO] OnDoneLoading sync enabled: 0
2026-07-30 08:31:04.803: [INFO] OnDoneLoading sync enabled: 0
2026-08-01 07:47:10.535: [INFO] OnDoneLoading sync enabled: 0
2026-08-01 17:39:04.073: [INFO] CurrentProfilePath: C:\Users\prems\EclipseWorkspaces\Microservices\.metadata\.plugins\org.eclipse.swt\EBWebView\Default
2026-08-01 17:39:04.073: [INFO] Profiles total count: 1
2026-08-01 17:39:04.073: [INFO] Profile: name=Profile 1 path=C:\Users\prems\EclipseWorkspaces\Microservices\.metadata\.plugins\org.eclipse.swt\EBWebView\Default lastActive=2026-08-01T17:38:59.057Z
2026-08-01 17:39:04.073: [INFO] LastUsedProfileDir: C:\Users\prems\EclipseWorkspaces\Microservices\.metadata\.plugins\org.eclipse.swt\EBWebView\Default
2026-08-01 17:39:04.073: [INFO] MostRecentlyActiveProfile: name=Profile 1 path=C:\Users\prems\EclipseWorkspaces\Microservices\.metadata\.plugins\org.eclipse.swt\EBWebView\Default lastActive=2026-08-01T17:38:59.057Z
2026-08-01 17:39:04.073: [INFO] OnDoneLoading sync enabled: 0
2026-08-01 17:39:04.073: [INFO] BookmarkModelLoaded, ids_reassigned: 0
2026-08-01 17:39:04.073: [INFO] BookmarksLoadDropped droppedNodes=0
2026-08-01 17:39:04.073: [INFO] BookmarksSnapshot Startup total=0 bar=0 other=0 mobile=0 showBar=0 showBarNTP=1
2026-08-01 20:14:09.880: [INFO] BookmarksSnapshot Shutdown total=0 bar=0 other=0 mobile=0 showBar=0 showBarNTP=1
2026-08-02 06:58:02.505: [INFO] CurrentProfilePath: C:\Users\prems\EclipseWorkspaces\Microservices\.metadata\.plugins\org.eclipse.swt\EBWebView\Default
2026-08-02 06:58:02.505: [INFO] Profiles total count: 1
2026-08-02 06:58:02.506: [INFO] Profile: name=Profile 1 path=C:\Users\prems\EclipseWorkspaces\Microservices\.metadata\.plugins\org.eclipse.swt\EBWebView\Default lastActive=2026-08-01T17:38:59.057Z
2026-08-02 06:58:02.506: [INFO] LastUsedProfileDir: C:\Users\prems\EclipseWorkspaces\Microservices\.metadata\.plugins\org.eclipse.swt\EBWebView\Default
2026-08-02 06:58:02.506: [INFO] MostRecentlyActiveProfile: name=Profile 1 path=C:\Users\prems\EclipseWorkspaces\Microservices\.metadata\.plugins\org.eclipse.swt\EBWebView\Default lastActive=2026-08-01T17:38:59.057Z
2026-08-02 06:58:02.506: [INFO] OnDoneLoading sync enabled: 0
2026-08-02 06:58:02.506: [INFO] BookmarkModelLoaded, ids_reassigned: 0
2026-08-02 06:58:02.506: [INFO] BookmarksLoadDropped droppedNodes=0
2026-08-02 06:58:02.506: [INFO] BookmarksSnapshot Startup total=0 bar=0 other=0 mobile=0 showBar=0 showBarNTP=1
2026-08-02 16:03:59.428: [INFO] BookmarksSnapshot Shutdown total=0 bar=0 other=0 mobile=0 showBar=0 showBarNTP=1
2026-08-06 07:08:08.802: [INFO] CurrentProfilePath: C:\Users\prems\EclipseWorkspaces\Microservices\.metadata\.plugins\org.eclipse.swt\EBWebView\Default
2026-08-06 07:08:08.802: [INFO] Profiles total count: 1
2026-08-06 07:08:08.802: [INFO] Profile: name=Profile 1 path=C:\Users\prems\EclipseWorkspaces\Microservices\.metadata\.plugins\org.eclipse.swt\EBWebView\Default lastActive=2026-08-02T07:03:14.817Z
2026-08-06 07:08:08.802: [INFO] LastUsedProfileDir: C:\Users\prems\EclipseWorkspaces\Microservices\.metadata\.plugins\org.eclipse.swt\EBWebView\Default
2026-08-06 07:08:08.802: [INFO] MostRecentlyActiveProfile: name=Profile 1 path=C:\Users\prems\EclipseWorkspaces\Microservices\.metadata\.plugins\org.eclipse.swt\EBWebView\Default lastActive=2026-08-02T07:03:14.817Z
2026-08-06 07:08:08.802: [INFO] OnDoneLoading sync enabled: 0
2026-08-06 07:08:08.802: [INFO] BookmarkModelLoaded, ids_reassigned: 0
2026-08-06 07:08:08.802: [INFO] BookmarksLoadDropped droppedNodes=0
2026-08-06 07:08:08.803: [INFO] BookmarksSnapshot Startup total=0 bar=0 other=0 mobile=0 showBar=0 showBarNTP=1
2026-08-06 09:49:14.972: [INFO] BookmarksSnapshot Shutdown total=0 bar=0 other=0 mobile=0 showBar=0 showBarNTP=1
2026-08-07 06:46:08.167: [INFO] CurrentProfilePath: C:\Users\prems\EclipseWorkspaces\Microservices\.metadata\.plugins\org.eclipse.swt\EBWebView\Default
2026-08-07 06:46:08.167: [INFO] Profiles total count: 1
2026-08-07 06:46:08.167: [INFO] Profile: name=Profile 1 path=C:\Users\prems\EclipseWorkspaces\Microservices\.metadata\.plugins\org.eclipse.swt\EBWebView\Default lastActive=2026-08-06T07:08:26.726Z
2026-08-07 06:46:08.167: [INFO] LastUsedProfileDir: C:\Users\prems\EclipseWorkspaces\Microservices\.metadata\.plugins\org.eclipse.swt\EBWebView\Default
2026-08-07 06:46:08.167: [INFO] MostRecentlyActiveProfile: name=Profile 1 path=C:\Users\prems\EclipseWorkspaces\Microservices\.metadata\.plugins\org.eclipse.swt\EBWebView\Default lastActive=2026-08-06T07:08:26.726Z
2026-08-07 06:46:08.167: [INFO] OnDoneLoading sync enabled: 0
2026-08-07 06:46:08.167: [INFO] BookmarkModelLoaded, ids_reassigned: 0
2026-08-07 06:46:08.167: [INFO] BookmarksLoadDropped droppedNodes=0
2026-08-07 06:46:08.167: [INFO] BookmarksSnapshot Startup total=0 bar=0 other=0 mobile=0 showBar=0 showBarNTP=1
2026-08-07 10:33:20.335: [INFO] BookmarksSnapshot Shutdown total=0 bar=0 other=0 mobile=0 showBar=0 showBarNTP=1
2026-08-08 08:14:33.688: [INFO] CurrentProfilePath: C:\Users\prems\EclipseWorkspaces\Microservices\.metadata\.plugins\org.eclipse.swt\EBWebView\Default
2026-08-08 08:14:33.688: [INFO] Profiles total count: 1
2026-08-08 08:14:33.690: [INFO] Profile: name=Profile 1 path=C:\Users\prems\EclipseWorkspaces\Microservices\.metadata\.plugins\org.eclipse.swt\EBWebView\Default lastActive=2026-08-07T06:46:20.525Z
2026-08-08 08:14:33.690: [INFO] LastUsedProfileDir: C:\Users\prems\EclipseWorkspaces\Microservices\.metadata\.plugins\org.eclipse.swt\EBWebView\Default
2026-08-08 08:14:33.690: [INFO] MostRecentlyActiveProfile: name=Profile 1 path=C:\Users\prems\EclipseWorkspaces\Microservices\.metadata\.plugins\org.eclipse.swt\EBWebView\Default lastActive=2026-08-07T06:46:20.525Z
2026-08-08 08:14:33.690: [INFO] OnDoneLoading sync enabled: 0
2026-08-08 08:14:33.690: [INFO] BookmarkModelLoaded, ids_reassigned: 0
2026-08-08 08:14:33.690: [INFO] BookmarksLoadDropped droppedNodes=0
2026-08-08 08:14:33.690: [INFO] BookmarksSnapshot Startup total=0 bar=0 other=0 mobile=0 showBar=0 showBarNTP=1
2026-08-08 10:26:28.202: [INFO] BookmarksSnapshot Shutdown total=0 bar=0 other=0 mobile=0 showBar=0 showBarNTP=1
2026-08-09 13:53:11.355: [INFO] CurrentProfilePath: C:\Users\prems\EclipseWorkspaces\Microservices\.metadata\.plugins\org.eclipse.swt\EBWebView\Default
2026-08-09 13:53:11.355: [INFO] Profiles total count: 1
2026-08-09 13:53:11.357: [INFO] Profile: name=Profile 1 path=C:\Users\prems\EclipseWorkspaces\Microservices\.metadata\.plugins\org.eclipse.swt\EBWebView\Default lastActive=2026-08-08T09:59:05.594Z
2026-08-09 13:53:11.357: [INFO] LastUsedProfileDir: C:\Users\prems\EclipseWorkspaces\Microservices\.metadata\.plugins\org.eclipse.swt\EBWebView\Default
2026-08-09 13:53:11.357: [INFO] MostRecentlyActiveProfile: name=Profile 1 path=C:\Users\prems\EclipseWorkspaces\Microservices\.metadata\.plugins\org.eclipse.swt\EBWebView\Default lastActive=2026-08-08T09:59:05.594Z
2026-08-09 13:53:11.357: [INFO] OnDoneLoading sync enabled: 0
2026-08-09 13:53:11.357: [INFO] BookmarkModelLoaded, ids_reassigned: 0
2026-08-09 13:53:11.357: [INFO] BookmarksLoadDropped droppedNodes=0
2026-08-09 13:53:11.357: [INFO] BookmarksSnapshot Startup total=0 bar=0 other=0 mobile=0 showBar=0 showBarNTP=1
2026-08-09 18:55:32.747: [INFO] BookmarksSnapshot Shutdown total=0 bar=0 other=0 mobile=0 showBar=0 showBarNTP=1
2026-08-10 15:19:33.813: [INFO] CurrentProfilePath: C:\Users\prems\EclipseWorkspaces\Microservices\.metadata\.plugins\org.eclipse.swt\EBWebView\Default
2026-08-10 15:19:33.813: [INFO] Profiles total count: 1
2026-08-10 15:19:33.813: [INFO] Profile: name=Profile 1 path=C:\Users\prems\EclipseWorkspaces\Microservices\.metadata\.plugins\org.eclipse.swt\EBWebView\Default lastActive=2026-08-10T15:19:30.404Z
2026-08-10 15:19:33.813: [INFO] LastUsedProfileDir: C:\Users\prems\EclipseWorkspaces\Microservices\.metadata\.plugins\org.eclipse.swt\EBWebView\Default
2026-08-10 15:19:33.814: [INFO] MostRecentlyActiveProfile: name=Profile 1 path=C:\Users\prems\EclipseWorkspaces\Microservices\.metadata\.plugins\org.eclipse.swt\EBWebView\Default lastActive=2026-08-10T15:19:30.404Z
2026-08-10 15:19:33.814: [INFO] OnDoneLoading sync enabled: 0
2026-08-10 15:19:33.814: [INFO] BookmarkModelLoaded, ids_reassigned: 0
2026-08-10 15:19:33.814: [INFO] BookmarksLoadDropped droppedNodes=0
2026-08-10 15:19:33.814: [INFO] BookmarksSnapshot Startup total=0 bar=0 other=0 mobile=0 showBar=0 showBarNTP=1
2026-08-10 17:23:21.490: [INFO] BookmarksSnapshot Shutdown total=0 bar=0 other=0 mobile=0 showBar=0 showBarNTP=1
2026-08-11 06:29:03.777: [INFO] CurrentProfilePath: C:\Users\prems\EclipseWorkspaces\Microservices\.metadata\.plugins\org.eclipse.swt\EBWebView\Default
2026-08-11 06:29:03.777: [INFO] Profiles total count: 1
2026-08-11 06:29:03.778: [INFO] Profile: name=Profile 1 path=C:\Users\prems\EclipseWorkspaces\Microservices\.metadata\.plugins\org.eclipse.swt\EBWebView\Default lastActive=2026-08-10T15:19:30.404Z
2026-08-11 06:29:03.778: [INFO] LastUsedProfileDir: C:\Users\prems\EclipseWorkspaces\Microservices\.metadata\.plugins\org.eclipse.swt\EBWebView\Default
2026-08-11 06:29:03.778: [INFO] MostRecentlyActiveProfile: name=Profile 1 path=C:\Users\prems\EclipseWorkspaces\Microservices\.metadata\.plugins\org.eclipse.swt\EBWebView\Default lastActive=2026-08-10T15:19:30.404Z
2026-08-11 06:29:03.778: [INFO] OnDoneLoading sync enabled: 0
2026-08-11 06:29:03.778: [INFO] BookmarkModelLoaded, ids_reassigned: 0
2026-08-11 06:29:03.778: [INFO] BookmarksLoadDropped droppedNodes=0
2026-08-11 06:29:03.778: [INFO] BookmarksSnapshot Startup total=0 bar=0 other=0 mobile=0 showBar=0 showBarNTP=1
2026-08-11 09:38:59.262: [INFO] BookmarksSnapshot Shutdown total=0 bar=0 other=0 mobile=0 showBar=0 showBarNTP=1
2026-08-14 06:09:00.203: [INFO] CurrentProfilePath: C:\Users\prems\EclipseWorkspaces\Microservices\.metadata\.plugins\org.eclipse.swt\EBWebView\Default
2026-08-14 06:09:00.203: [INFO] Profiles total count: 1
2026-08-14 06:09:00.203: [INFO] Profile: name=Profile 1 path=C:\Users\prems\EclipseWorkspaces\Microservices\.metadata\.plugins\org.eclipse.swt\EBWebView\Default lastActive=2026-08-14T06:08:56.781Z
2026-08-14 06:09:00.203: [INFO] LastUsedProfileDir: C:\Users\prems\EclipseWorkspaces\Microservices\.metadata\.plugins\org.eclipse.swt\EBWebView\Default
2026-08-14 06:09:00.203: [INFO] MostRecentlyActiveProfile: name=Profile 1 path=C:\Users\prems\EclipseWorkspaces\Microservices\.metadata\.plugins\org.eclipse.swt\EBWebView\Default lastActive=2026-08-14T06:08:56.781Z
2026-08-14 06:09:00.203: [INFO] OnDoneLoading sync enabled: 0
2026-08-14 06:09:00.203: [INFO] BookmarkModelLoaded, ids_reassigned: 0
2026-08-14 06:09:00.203: [INFO] BookmarksLoadDropped droppedNodes=0
2026-08-14 06:09:00.203: [INFO] BookmarksSnapshot Startup total=0 bar=0 other=0 mobile=0 showBar=0 showBarNTP=1
2026-08-14 10:29:00.792: [INFO] BookmarksSnapshot Shutdown total=0 bar=0 other=0 mobile=0 showBar=0 showBarNTP=1
2026-08-15 06:15:57.603: [INFO] CurrentProfilePath: C:\Users\prems\EclipseWorkspaces\Microservices\.metadata\.plugins\org.eclipse.swt\EBWebView\Default
2026-08-15 06:15:57.603: [INFO] Profiles total count: 1
2026-08-15 06:15:57.605: [INFO] Profile: name=Profile 1 path=C:\Users\prems\EclipseWorkspaces\Microservices\.metadata\.plugins\org.eclipse.swt\EBWebView\Default lastActive=2026-08-14T06:08:56.781Z
2026-08-15 06:15:57.605: [INFO] LastUsedProfileDir: C:\Users\prems\EclipseWorkspaces\Microservices\.metadata\.plugins\org.eclipse.swt\EBWebView\Default
2026-08-15 06:15:57.605: [INFO] MostRecentlyActiveProfile: name=Profile 1 path=C:\Users\prems\EclipseWorkspaces\Microservices\.metadata\.plugins\org.eclipse.swt\EBWebView\Default lastActive=2026-08-14T06:08:56.781Z
2026-08-15 06:15:57.605: [INFO] OnDoneLoading sync enabled: 0
2026-08-15 06:15:57.605: [INFO] BookmarkModelLoaded, ids_reassigned: 0
2026-08-15 06:15:57.605: [INFO] BookmarksLoadDropped droppedNodes=0
2026-08-15 06:15:57.605: [INFO] BookmarksSnapshot Startup total=0 bar=0 other=0 mobile=0 showBar=0 showBarNTP=1
2026-08-15 10:29:17.672: [INFO] BookmarksSnapshot Shutdown total=0 bar=0 other=0 mobile=0 showBar=0 showBarNTP=1
2026-08-16 03:56:38.856: [INFO] CurrentProfilePath: C:\Users\prems\EclipseWorkspaces\Microservices\.metadata\.plugins\org.eclipse.swt\EBWebView\Default
2026-08-16 03:56:38.856: [INFO] Profiles total count: 1
2026-08-16 03:56:38.857: [INFO] Profile: name=Profile 1 path=C:\Users\prems\EclipseWorkspaces\Microservices\.metadata\.plugins\org.eclipse.swt\EBWebView\Default lastActive=2026-08-16T03:56:35.174Z
2026-08-16 03:56:38.857: [INFO] LastUsedProfileDir: C:\Users\prems\EclipseWorkspaces\Microservices\.metadata\.plugins\org.eclipse.swt\EBWebView\Default
2026-08-16 03:56:38.857: [INFO] MostRecentlyActiveProfile: name=Profile 1 path=C:\Users\prems\EclipseWorkspaces\Microservices\.metadata\.plugins\org.eclipse.swt\EBWebView\Default lastActive=2026-08-16T03:56:35.174Z
2026-08-16 03:56:38.857: [INFO] OnDoneLoading sync enabled: 0
2026-08-16 03:56:38.857: [INFO] BookmarkModelLoaded, ids_reassigned: 0
2026-08-16 03:56:38.857: [INFO] BookmarksLoadDropped droppedNodes=0
2026-08-16 03:56:38.857: [INFO] BookmarksSnapshot Startup total=0 bar=0 other=0 mobile=0 showBar=0 showBarNTP=1
2026-08-16 04:38:47.101: [INFO] BookmarksSnapshot Shutdown total=0 bar=0 other=0 mobile=0 showBar=0 showBarNTP=1
2026-08-17 06:15:51.992: [INFO] CurrentProfilePath: C:\Users\prems\EclipseWorkspaces\Microservices\.metadata\.plugins\org.eclipse.swt\EBWebView\Default
2026-08-17 06:15:51.992: [INFO] Profiles total count: 1
2026-08-17 06:15:51.993: [INFO] Profile: name=Profile 1 path=C:\Users\prems\EclipseWorkspaces\Microservices\.metadata\.plugins\org.eclipse.swt\EBWebView\Default lastActive=2026-08-17T06:15:46.286Z
2026-08-17 06:15:51.993: [INFO] LastUsedProfileDir: C:\Users\prems\EclipseWorkspaces\Microservices\.metadata\.plugins\org.eclipse.swt\EBWebView\Default
2026-08-17 06:15:51.993: [INFO] MostRecentlyActiveProfile: name=Profile 1 path=C:\Users\prems\EclipseWorkspaces\Microservices\.metadata\.plugins\org.eclipse.swt\EBWebView\Default lastActive=2026-08-17T06:15:46.286Z
2026-08-17 06:15:51.993: [INFO] OnDoneLoading sync enabled: 0
2026-08-17 06:15:51.993: [INFO] BookmarkModelLoaded, ids_reassigned: 0
2026-08-17 06:15:51.993: [INFO] BookmarksLoadDropped droppedNodes=0
2026-08-17 06:15:51.993: [INFO] BookmarksSnapshot Startup total=0 bar=0 other=0 mobile=0 showBar=0 showBarNTP=1
2026-08-17 09:11:44.806: [INFO] BookmarksSnapshot Shutdown total=0 bar=0 other=0 mobile=0 showBar=0 showBarNTP=1
2026-08-18 05:46:24.497: [INFO] CurrentProfilePath: C:\Users\prems\EclipseWorkspaces\Microservices\.metadata\.plugins\org.eclipse.swt\EBWebView\Default
2026-08-18 05:46:24.498: [INFO] Profiles total count: 1
2026-08-18 05:46:24.499: [INFO] Profile: name=Profile 1 path=C:\Users\prems\EclipseWorkspaces\Microservices\.metadata\.plugins\org.eclipse.swt\EBWebView\Default lastActive=2026-08-17T07:41:19.338Z
2026-08-18 05:46:24.499: [INFO] LastUsedProfileDir: C:\Users\prems\EclipseWorkspaces\Microservices\.metadata\.plugins\org.eclipse.swt\EBWebView\Default
2026-08-18 05:46:24.499: [INFO] MostRecentlyActiveProfile: name=Profile 1 path=C:\Users\prems\EclipseWorkspaces\Microservices\.metadata\.plugins\org.eclipse.swt\EBWebView\Default lastActive=2026-08-17T07:41:19.338Z
2026-08-18 05:46:24.499: [INFO] OnDoneLoading sync enabled: 0
2026-08-18 05:46:24.499: [INFO] BookmarkModelLoaded, ids_reassigned: 0
2026-08-18 05:46:24.500: [INFO] BookmarksLoadDropped droppedNodes=0
2026-08-18 05:46:24.500: [INFO] BookmarksSnapshot Startup total=0 bar=0 other=0 mobile=0 showBar=0 showBarNTP=1
2026-08-18 09:35:29.367: [INFO] BookmarksSnapshot Shutdown total=0 bar=0 other=0 mobile=0 showBar=0 showBarNTP=1
2026-08-19 05:32:17.278: [INFO] CurrentProfilePath: C:\Users\prems\EclipseWorkspaces\Microservices\.metadata\.plugins\org.eclipse.swt\EBWebView\Default
2026-08-19 05:32:17.278: [INFO] Profiles total count: 1
2026-08-19 05:32:17.280: [INFO] Profile: name=Profile 1 path=C:\Users\prems\EclipseWorkspaces\Microservices\.metadata\.plugins\org.eclipse.swt\EBWebView\Default lastActive=2026-08-18T05:48:24.040Z
2026-08-19 05:32:17.280: [INFO] LastUsedProfileDir: C:\Users\prems\EclipseWorkspaces\Microservices\.metadata\.plugins\org.eclipse.swt\EBWebView\Default
2026-08-19 05:32:17.280: [INFO] MostRecentlyActiveProfile: name=Profile 1 path=C:\Users\prems\EclipseWorkspaces\Microservices\.metadata\.plugins\org.eclipse.swt\EBWebView\Default lastActive=2026-08-18T05:48:24.040Z
2026-08-19 05:32:17.280: [INFO] OnDoneLoading sync enabled: 0
2026-08-19 05:32:17.280: [INFO] BookmarkModelLoaded, ids_reassigned: 0
2026-08-19 05:32:17.280: [INFO] BookmarksLoadDropped droppedNodes=0
2026-08-19 05:32:17.280: [INFO] BookmarksSnapshot Startup total=0 bar=0 other=0 mobile=0 showBar=0 showBarNTP=1
2026-08-19 10:08:22.301: [INFO] BookmarksSnapshot Shutdown total=0 bar=0 other=0 mobile=0 showBar=0 showBarNTP=1
2026-08-19 10:50:44.022: [INFO] CurrentProfilePath: C:\Users\prems\EclipseWorkspaces\Microservices\.metadata\.plugins\org.eclipse.swt\EBWebView\Default
2026-08-19 10:50:44.022: [INFO] Profiles total count: 1
2026-08-19 10:50:44.024: [INFO] Profile: name=Profile 1 path=C:\Users\prems\EclipseWorkspaces\Microservices\.metadata\.plugins\org.eclipse.swt\EBWebView\Default lastActive=2026-08-19T05:32:46.468Z
2026-08-19 10:50:44.024: [INFO] LastUsedProfileDir: C:\Users\prems\EclipseWorkspaces\Microservices\.metadata\.plugins\org.eclipse.swt\EBWebView\Default
2026-08-19 10:50:44.024: [INFO] MostRecentlyActiveProfile: name=Profile 1 path=C:\Users\prems\EclipseWorkspaces\Microservices\.metadata\.plugins\org.eclipse.swt\EBWebView\Default lastActive=2026-08-19T05:32:46.468Z
2026-08-19 10:50:44.024: [INFO] OnDoneLoading sync enabled: 0
2026-08-19 10:50:44.024: [INFO] BookmarkModelLoaded, ids_reassigned: 0
2026-08-19 10:50:44.024: [INFO] BookmarksLoadDropped droppedNodes=0
2026-08-19 10:50:44.024: [INFO] BookmarksSnapshot Startup total=0 bar=0 other=0 mobile=0 showBar=0 showBarNTP=1
2026-08-19 10:59:24.634: [INFO] BookmarksSnapshot Shutdown total=0 bar=0 other=0 mobile=0 showBar=0 showBarNTP=1
2026-08-19 11:32:42.395: [INFO] CurrentProfilePath: C:\Users\prems\EclipseWorkspaces\Microservices\.metadata\.plugins\org.eclipse.swt\EBWebView\Default
2026-08-19 11:32:42.395: [INFO] Profiles total count: 1
2026-08-19 11:32:42.396: [INFO] Profile: name=Profile 1 path=C:\Users\prems\EclipseWorkspaces\Microservices\.metadata\.plugins\org.eclipse.swt\EBWebView\Default lastActive=2026-08-19T10:58:58.319Z
2026-08-19 11:32:42.396: [INFO] LastUsedProfileDir: C:\Users\prems\EclipseWorkspaces\Microservices\.metadata\.plugins\org.eclipse.swt\EBWebView\Default
2026-08-19 11:32:42.396: [INFO] MostRecentlyActiveProfile: name=Profile 1 path=C:\Users\prems\EclipseWorkspaces\Microservices\.metadata\.plugins\org.eclipse.swt\EBWebView\Default lastActive=2026-08-19T10:58:58.319Z
2026-08-19 11:32:42.396: [INFO] OnDoneLoading sync enabled: 0
2026-08-19 11:32:42.396: [INFO] BookmarkModelLoaded, ids_reassigned: 0
2026-08-19 11:32:42.396: [INFO] BookmarksLoadDropped droppedNodes=0
2026-08-19 11:32:42.396: [INFO] BookmarksSnapshot Startup total=0 bar=0 other=0 mobile=0 showBar=0 showBarNTP=1
2026-08-19 11:32:44.723: [INFO] BookmarksSnapshot Shutdown total=0 bar=0 other=0 mobile=0 showBar=0 showBarNTP=1
2026-08-19 11:34:29.045: [INFO] CurrentProfilePath: C:\Users\prems\EclipseWorkspaces\Microservices\.metadata\.plugins\org.eclipse.swt\EBWebView\Default
2026-08-19 11:34:29.045: [INFO] Profiles total count: 1
2026-08-19 11:34:29.046: [INFO] Profile: name=Profile 1 path=C:\Users\prems\EclipseWorkspaces\Microservices\.metadata\.plugins\org.eclipse.swt\EBWebView\Default lastActive=2026-08-19T10:58:58.319Z
2026-08-19 11:34:29.046: [INFO] LastUsedProfileDir: C:\Users\prems\EclipseWorkspaces\Microservices\.metadata\.plugins\org.eclipse.swt\EBWebView\Default
2026-08-19 11:34:29.046: [INFO] MostRecentlyActiveProfile: name=Profile 1 path=C:\Users\prems\EclipseWorkspaces\Microservices\.metadata\.plugins\org.eclipse.swt\EBWebView\Default lastActive=2026-08-19T10:58:58.319Z
2026-08-19 11:34:29.046: [INFO] OnDoneLoading sync enabled: 0
2026-08-19 11:34:29.046: [INFO] BookmarkModelLoaded, ids_reassigned: 0
2026-08-19 11:34:29.046: [INFO] BookmarksLoadDropped droppedNodes=0
2026-08-19 11:34:29.046: [INFO] BookmarksSnapshot Startup total=0 bar=0 other=0 mobile=0 showBar=0 showBarNTP=1
2026-08-19 12:52:06.081: [INFO] BookmarksSnapshot Shutdown total=0 bar=0 other=0 mobile=0 showBar=0 showBarNTP=1
2026-08-20 05:37:15.493: [INFO] CurrentProfilePath: C:\Users\prems\EclipseWorkspaces\Microservices\.metadata\.plugins\org.eclipse.swt\EBWebView\Default
2026-08-20 05:37:15.493: [INFO] Profiles total count: 1
2026-08-20 05:37:15.494: [INFO] Profile: name=Profile 1 path=C:\Users\prems\EclipseWorkspaces\Microservices\.metadata\.plugins\org.eclipse.swt\EBWebView\Default lastActive=2026-08-20T05:37:11.458Z
2026-08-20 05:37:15.494: [INFO] LastUsedProfileDir: C:\Users\prems\EclipseWorkspaces\Microservices\.metadata\.plugins\org.eclipse.swt\EBWebView\Default
2026-08-20 05:37:15.494: [INFO] MostRecentlyActiveProfile: name=Profile 1 path=C:\Users\prems\EclipseWorkspaces\Microservices\.metadata\.plugins\org.eclipse.swt\EBWebView\Default lastActive=2026-08-20T05:37:11.458Z
2026-08-20 05:37:15.494: [INFO] OnDoneLoading sync enabled: 0
2026-08-20 05:37:15.494: [INFO] BookmarkModelLoaded, ids_reassigned: 0
2026-08-20 05:37:15.494: [INFO] BookmarksLoadDropped droppedNodes=0
2026-08-20 05:37:15.494: [INFO] BookmarksSnapshot Startup total=0 bar=0 other=0 mobile=0 showBar=0 showBarNTP=1
2026-08-20 10:23:37.299: [INFO] BookmarksSnapshot Shutdown total=0 bar=0 other=0 mobile=0 showBar=0 showBarNTP=1
2026-08-21 06:22:43.072: [INFO] CurrentProfilePath: C:\Users\prems\EclipseWorkspaces\Microservices\.metadata\.plugins\org.eclipse.swt\EBWebView\Default
2026-08-21 06:22:43.072: [INFO] Profiles total count: 1
2026-08-21 06:22:43.073: [INFO] Profile: name=Profile 1 path=C:\Users\prems\EclipseWorkspaces\Microservices\.metadata\.plugins\org.eclipse.swt\EBWebView\Default lastActive=2026-08-20T09:58:27.623Z
2026-08-21 06:22:43.073: [INFO] LastUsedProfileDir: C:\Users\prems\EclipseWorkspaces\Microservices\.metadata\.plugins\org.eclipse.swt\EBWebView\Default
2026-08-21 06:22:43.073: [INFO] MostRecentlyActiveProfile: name=Profile 1 path=C:\Users\prems\EclipseWorkspaces\Microservices\.metadata\.plugins\org.eclipse.swt\EBWebView\Default lastActive=2026-08-20T09:58:27.623Z
2026-08-21 06:22:43.073: [INFO] OnDoneLoading sync enabled: 0
2026-08-21 06:22:43.073: [INFO] BookmarkModelLoaded, ids_reassigned: 0
2026-08-21 06:22:43.073: [INFO] BookmarksLoadDropped droppedNodes=0
2026-08-21 06:22:43.073: [INFO] BookmarksSnapshot Startup total=0 bar=0 other=0 mobile=0 showBar=0 showBarNTP=1
2026-08-21 06:29:34.192: [INFO] BookmarksSnapshot Shutdown total=0 bar=0 other=0 mobile=0 showBar=0 showBarNTP=1
2026-08-21 06:30:17.706: [INFO] CurrentProfilePath: C:\Users\prems\EclipseWorkspaces\Microservices\.metadata\.plugins\org.eclipse.swt\EBWebView\Default
2026-08-21 06:30:17.706: [INFO] Profiles total count: 1
2026-08-21 06:30:17.707: [INFO] Profile: name=Profile 1 path=C:\Users\prems\EclipseWorkspaces\Microservices\.metadata\.plugins\org.eclipse.swt\EBWebView\Default lastActive=2026-08-21T06:22:45.113Z
2026-08-21 06:30:17.707: [INFO] LastUsedProfileDir: C:\Users\prems\EclipseWorkspaces\Microservices\.metadata\.plugins\org.eclipse.swt\EBWebView\Default
2026-08-21 06:30:17.707: [INFO] MostRecentlyActiveProfile: name=Profile 1 path=C:\Users\prems\EclipseWorkspaces\Microservices\.metadata\.plugins\org.eclipse.swt\EBWebView\Default lastActive=2026-08-21T06:22:45.113Z
2026-08-21 06:30:17.707: [INFO] OnDoneLoading sync enabled: 0
2026-08-21 06:30:17.707: [INFO] BookmarkModelLoaded, ids_reassigned: 0
2026-08-21 06:30:17.707: [INFO] BookmarksLoadDropped droppedNodes=0
2026-08-21 06:30:17.707: [INFO] BookmarksSnapshot Startup total=0 bar=0 other=0 mobile=0 showBar=0 showBarNTP=1
2026-08-21 09:47:53.414: [INFO] BookmarksSnapshot Shutdown total=0 bar=0 other=0 mobile=0 showBar=0 showBarNTP=1
2026-08-23 06:38:54.589: [INFO] CurrentProfilePath: C:\Users\prems\EclipseWorkspaces\Microservices\.metadata\.plugins\org.eclipse.swt\EBWebView\Default
2026-08-23 06:38:54.589: [INFO] Profiles total count: 1
2026-08-23 06:38:54.591: [INFO] Profile: name=Profile 1 path=C:\Users\prems\EclipseWorkspaces\Microservices\.metadata\.plugins\org.eclipse.swt\EBWebView\Default lastActive=2026-08-21T06:22:45.113Z
2026-08-23 06:38:54.591: [INFO] LastUsedProfileDir: C:\Users\prems\EclipseWorkspaces\Microservices\.metadata\.plugins\org.eclipse.swt\EBWebView\Default
2026-08-23 06:38:54.591: [INFO] MostRecentlyActiveProfile: name=Profile 1 path=C:\Users\prems\EclipseWorkspaces\Microservices\.metadata\.plugins\org.eclipse.swt\EBWebView\Default lastActive=2026-08-21T06:22:45.113Z
2026-08-23 06:38:54.591: [INFO] OnDoneLoading sync enabled: 0
2026-08-23 06:38:54.591: [INFO] BookmarkModelLoaded, ids_reassigned: 0
2026-08-23 06:38:54.591: [INFO] BookmarksLoadDropped droppedNodes=0
2026-08-23 06:38:54.591: [INFO] BookmarksSnapshot Startup total=0 bar=0 other=0 mobile=0 showBar=0 showBarNTP=1
2026-08-23 06:40:44.974: [INFO] BookmarksSnapshot Shutdown total=0 bar=0 other=0 mobile=0 showBar=0 showBarNTP=1
2026-08-23 06:41:09.852: [INFO] CurrentProfilePath: C:\Users\prems\EclipseWorkspaces\Microservices\.metadata\.plugins\org.eclipse.swt\EBWebView\Default
2026-08-23 06:41:09.852: [INFO] Profiles total count: 1
2026-08-23 06:41:09.852: [INFO] Profile: name=Profile 1 path=C:\Users\prems\EclipseWorkspaces\Microservices\.metadata\.plugins\org.eclipse.swt\EBWebView\Default lastActive=2026-08-23T06:38:55.341Z
2026-08-23 06:41:09.852: [INFO] LastUsedProfileDir: C:\Users\prems\EclipseWorkspaces\Microservices\.metadata\.plugins\org.eclipse.swt\EBWebView\Default
2026-08-23 06:41:09.852: [INFO] MostRecentlyActiveProfile: name=Profile 1 path=C:\Users\prems\EclipseWorkspaces\Microservices\.metadata\.plugins\org.eclipse.swt\EBWebView\Default lastActive=2026-08-23T06:38:55.341Z
2026-08-23 06:41:09.852: [INFO] OnDoneLoading sync enabled: 0
2026-08-23 06:41:09.852: [INFO] BookmarkModelLoaded, ids_reassigned: 0
2026-08-23 06:41:09.852: [INFO] BookmarksLoadDropped droppedNodes=0
2026-08-23 06:41:09.852: [INFO] BookmarksSnapshot Startup total=0 bar=0 other=0 mobile=0 showBar=0 showBarNTP=1
2026-08-23 06:47:17.311: [INFO] BookmarksSnapshot Shutdown total=0 bar=0 other=0 mobile=0 showBar=0 showBarNTP=1
2026-08-23 06:48:17.608: [INFO] CurrentProfilePath: C:\Users\prems\EclipseWorkspaces\Microservices\.metadata\.plugins\org.eclipse.swt\EBWebView\Default
2026-08-23 06:48:17.608: [INFO] Profiles total count: 1
2026-08-23 06:48:17.609: [INFO] Profile: name=Profile 1 path=C:\Users\prems\EclipseWorkspaces\Microservices\.metadata\.plugins\org.eclipse.swt\EBWebView\Default lastActive=2026-08-23T06:38:55.341Z
2026-08-23 06:48:17.609: [INFO] LastUsedProfileDir: C:\Users\prems\EclipseWorkspaces\Microservices\.metadata\.plugins\org.eclipse.swt\EBWebView\Default
2026-08-23 06:48:17.609: [INFO] MostRecentlyActiveProfile: name=Profile 1 path=C:\Users\prems\EclipseWorkspaces\Microservices\.metadata\.plugins\org.eclipse.swt\EBWebView\Default lastActive=2026-08-23T06:38:55.341Z
2026-08-23 06:48:17.609: [INFO] OnDoneLoading sync enabled: 0
2026-08-23 06:48:17.609: [INFO] BookmarkModelLoaded, ids_reassigned: 0
2026-08-23 06:48:17.609: [INFO] BookmarksLoadDropped droppedNodes=0
2026-08-23 06:48:17.609: [INFO] BookmarksSnapshot Startup total=0 bar=0 other=0 mobile=0 showBar=0 showBarNTP=1
2026-08-23 10:29:02.712: [INFO] BookmarksSnapshot Shutdown total=0 bar=0 other=0 mobile=0 showBar=0 showBarNTP=1
2026-08-27 16:10:59.939: [INFO] CurrentProfilePath: C:\Users\prems\EclipseWorkspaces\Microservices\.metadata\.plugins\org.eclipse.swt\EBWebView\Default
2026-08-27 16:10:59.939: [INFO] Profiles total count: 1
2026-08-27 16:10:59.940: [INFO] Profile: name=Profile 1 path=C:\Users\prems\EclipseWorkspaces\Microservices\.metadata\.plugins\org.eclipse.swt\EBWebView\Default lastActive=2026-08-27T16:03:12.024Z
2026-08-27 16:10:59.940: [INFO] LastUsedProfileDir: C:\Users\prems\EclipseWorkspaces\Microservices\.metadata\.plugins\org.eclipse.swt\EBWebView\Default
2026-08-27 16:10:59.940: [INFO] MostRecentlyActiveProfile: name=Profile 1 path=C:\Users\prems\EclipseWorkspaces\Microservices\.metadata\.plugins\org.eclipse.swt\EBWebView\Default lastActive=2026-08-27T16:03:12.024Z
2026-08-27 16:10:59.940: [INFO] OnDoneLoading sync enabled: 0
2026-08-27 16:10:59.940: [INFO] BookmarkModelLoaded, ids_reassigned: 0
2026-08-27 16:10:59.940: [INFO] BookmarksLoadDropped droppedNodes=0
2026-08-27 16:10:59.940: [INFO] BookmarksSnapshot Startup total=0 bar=0 other=0 mobile=0 showBar=0 showBarNTP=1
2026-08-27 16:11:04.120: [INFO] BookmarksSnapshot Shutdown total=0 bar=0 other=0 mobile=0 showBar=0 showBarNTP=1
